<html>
<body>
<pre>
<h1>µVision Build Log</h1>
<h2>Tool Versions:</h2>
IDE-Version: ¦ÌVision V5.22.0.0
Copyright (C) 2016 ARM Ltd and ARM Germany GmbH. All rights reserved.
License Information: cst AutoBVT, Microsoft, LIC=KRMUH-WR6MT-HKIBD-8FI9E-SY4SC-ZQVJC
 
Tool Versions:
Toolchain:       MDK-ARM Plus  Version: 5.22
Toolchain Path:  C:\Keil_v5\ARM\ARMCC\Bin
C Compiler:      Armcc.exe V5.06 update 4 (build 422)
Assembler:       Armasm.exe V5.06 update 4 (build 422)
Linker/Locator:  ArmLink.exe V5.06 update 4 (build 422)
Library Manager: ArmAr.exe V5.06 update 4 (build 422)
Hex Converter:   FromElf.exe V5.06 update 4 (build 422)
CPU DLL:         SARMCM3.DLL V5.22
Dialog DLL:      DARMSTM.DLL V1.67.0.0
Target DLL:      Segger\JL2CM3.dll V2.99.23.0
Dialog DLL:      TARMSTM.DLL V1.66.0.0
 
<h2>Project:</h2>
G:\GoKit_Project\led\gokit-mcu-hw2-master\Project\gokit_mcu_stm32.uvprojx
Project File Date:  07/24/2017

<h2>Output:</h2>
*** Using Compiler 'V5.06 update 4 (build 422)', folder: 'C:\Keil_v5\ARM\ARMCC\Bin'
Rebuild target 'gokit_stm32'
assembling startup_stm32f10x_md.s...
compiling system_stm32f10x.c...
compiling core_cm3.c...
compiling misc.c...
compiling stm32f10x_adc.c...
compiling stm32f10x_bkp.c...
compiling stm32f10x_cec.c...
compiling stm32f10x_can.c...
compiling stm32f10x_dac.c...
compiling stm32f10x_crc.c...
compiling stm32f10x_dbgmcu.c...
compiling stm32f10x_dma.c...
compiling stm32f10x_exti.c...
compiling stm32f10x_flash.c...
compiling stm32f10x_fsmc.c...
compiling stm32f10x_gpio.c...
compiling stm32f10x_i2c.c...
compiling stm32f10x_iwdg.c...
compiling stm32f10x_pwr.c...
compiling stm32f10x_rcc.c...
compiling stm32f10x_rtc.c...
compiling stm32f10x_sdio.c...
compiling stm32f10x_spi.c...
compiling stm32f10x_tim.c...
compiling stm32f10x_usart.c...
compiling stm32f10x_wwdg.c...
compiling main.c...
..\User\main.c(44): warning:  #177-D: variable "p0_control_buf"  was declared but never referenced
  	uint8_t p0_control_buf[MAX_P0_LEN];		
..\User\main.c(403): warning:  #1-D: last line of file ends without a newline
  /******************* (C) COPYRIGHT 2011 STMicroelectronics *****END OF FILE****/
..\User\main.c: 2 warnings, 0 errors
compiling delay.c...
..\User\delay.c(75): warning:  #1-D: last line of file ends without a newline
  } 
..\User\delay.c: 1 warning, 0 errors
compiling stm32f10x_it.c...
compiling hal_key.c...
compiling Hal_led.c...
..\Hal\Hal_led\Hal_led.c(84): warning:  #1-D: last line of file ends without a newline
  }
..\Hal\Hal_led\Hal_led.c: 1 warning, 0 errors
compiling hal_rgb_led.c...
compiling hal_motor.c...
compiling hal_temp_hum.c...
compiling hal_infrared.c...
compiling hal_uart.c...
compiling Protocol.c...
..\Protocol\Protocol.c(291): warning:  #550-D: variable "ret"  was set but never used
      uint8_t ret = 0;
..\Protocol\Protocol.c: 1 warning, 0 errors
compiling ringbuffer.c...
..\Protocol\ringbuffer.c(97): warning:  #68-D: integer conversion resulted in a change of sign
  			return -1;
..\Protocol\ringbuffer.c: 1 warning, 0 errors
linking...
Program Size: Code=17448 RO-data=268 RW-data=108 ZI-data=2316  
FromELF: creating hex file...
".\Obj\gokit_mcu_stm32.axf" - 0 Error(s), 6 Warning(s).

<h2>Software Packages used:</h2>

Package Vendor: ARM
                http://www.keil.com/pack/ARM.CMSIS.5.0.0.pack
                ARM::CMSIS:CORE:5.0.0
                CMSIS (Cortex Microcontroller Software Interface Standard)
   * Component: CORE Version: 5.0.0

<h2>Collection of Component include folders:</h2>
  G:\GoKit_Project\led\gokit-mcu-hw2-master\Project\RTE\_gokit_stm32
  C:\Keil_v5\ARM\PACK\ARM\CMSIS\5.0.0\CMSIS\Include
  C:\Keil_v5\ARM\PACK\Keil\STM32F1xx_DFP\2.2.0\Device\Include

<h2>Collection of Component Files used:</h2>

   * Component: ARM::CMSIS:CORE:5.0.0
Build Time Elapsed:  00:00:48
</pre>
</body>
</html>
